../Src/main.c:133:5:main	104	static
../Src/main.c:233:6:SystemClock_Config	96	static
../Src/main.c:284:13:MX_DAC1_Init	48	static
../Src/main.c:328:13:MX_DFSDM1_Init	8	static
../Src/main.c:381:13:MX_I2C2_Init	8	static
../Src/main.c:429:13:MX_OCTOSPI1_Init	32	static
../Src/main.c:477:13:MX_TIM2_Init	40	static
../Src/main.c:522:13:MX_USART1_UART_Init	8	static
../Src/main.c:568:13:MX_DMA_Init	16	static
../Src/main.c:590:13:MX_GPIO_Init	48	static
../Src/main.c:634:6:HAL_GPIO_EXTI_Callback	16	static
../Src/main.c:657:6:HAL_DAC_ConvCpltCallbackCh1	24	static
../Src/main.c:673:6:HAL_DFSDM_FilterRegConvCpltCallback	32	static
../Src/main.c:704:6:StartGetSpeedAndDir	24	static
../Src/main.c:745:6:StartAcceleroSensor	16	static
../Src/main.c:782:6:StartCounterDirGame	16	static
../Src/main.c:801:6:Error_Handler	4	static,ignoring_inline_asm
