../Src/main.c:201:5:main	24	static
../Src/main.c:377:6:SystemClock_Config	96	static
../Src/main.c:428:13:MX_DAC1_Init	48	static
../Src/main.c:472:13:MX_DFSDM1_Init	8	static
../Src/main.c:525:13:MX_I2C2_Init	8	static
../Src/main.c:573:13:MX_OCTOSPI1_Init	32	static
../Src/main.c:621:13:MX_TIM2_Init	40	static
../Src/main.c:666:13:MX_USART1_UART_Init	8	static
../Src/main.c:712:13:MX_DMA_Init	16	static
../Src/main.c:734:13:MX_GPIO_Init	48	static
../Src/main.c:778:6:HAL_GPIO_EXTI_Callback	16	static
../Src/main.c:789:6:HAL_DAC_ConvCpltCallbackCh1	24	static
../Src/main.c:826:6:HAL_DFSDM_FilterRegConvCpltCallback	32	static
../Src/main.c:877:6:HAL_UART_RxCpltCallback	40	static
../Src/main.c:1076:6:StartGetSpeedAndDir	16	static
../Src/main.c:1185:6:Error_Handler	4	static,ignoring_inline_asm
